// Jest Snapshot v1, https://goo.gl/fbAQLP

exports[`renders correctly 1`] = `
<View
  style={
    Object {
      "alignItems": "center",
      "flex": 1,
      "justifyContent": "center",
      "width": "30%",
    }
  }
>
  <View
    style={
      Array [
        Object {
          "alignItems": "center",
          "backgroundColor": "#ffbcbc",
          "borderColor": "red",
          "borderWidth": 1,
          "height": 100,
          "justifyContent": "center",
          "margin": 10,
          "width": 300,
        },
        undefined,
      ]
    }
  >
    <Text
      style={
        Object {
          "color": "#333333",
          "margin": 20,
        }
      }
    >
      TouchableNativeFeedback is not supported on this platform!
    </Text>
  </View>
</View>
`;
